2026-04-13 18:40:45,595 [INFO] Polling LeetCode...
2026-04-13 18:40:47,094 [INFO] New submission: Minimum Size Subarray Sum id=1972658770
2026-04-13 18:40:47,635 [INFO] Saved: solutions\leetcode\minimum-size-subarray-sum.java
2026-04-13 18:40:47,637 [INFO] New submission: Possible Bipartition id=1958922854
2026-04-13 18:40:48,136 [INFO] Saved: solutions\leetcode\possible-bipartition.java
2026-04-13 18:40:48,138 [INFO] New submission: As Far from Land as Possible id=1952972277
2026-04-13 18:40:48,646 [INFO] Saved: solutions\leetcode\as-far-from-land-as-possible.java
2026-04-13 18:40:48,646 [INFO] New submission: Rotting Oranges id=1952791664
2026-04-13 18:40:49,154 [INFO] Saved: solutions\leetcode\rotting-oranges.java
2026-04-13 18:40:49,177 [INFO] New submission: Trapping Rain Water id=1952301855
2026-04-13 18:40:49,669 [INFO] Saved: solutions\leetcode\trapping-rain-water.java
2026-04-13 18:40:49,669 [INFO] New submission: 3Sum id=1952293730
2026-04-13 18:40:50,202 [INFO] Saved: solutions\leetcode\3sum.java
2026-04-13 18:40:50,204 [INFO] New submission: Container With Most Water id=1952279199
2026-04-13 18:40:50,691 [INFO] Saved: solutions\leetcode\container-with-most-water.java
2026-04-13 18:40:50,691 [INFO] New submission: Two Sum id=1952274418
2026-04-13 18:40:51,202 [INFO] Saved: solutions\leetcode\two-sum.java
2026-04-13 18:40:51,202 [INFO] New submission: Keys and Rooms id=1952187124
2026-04-13 18:40:51,602 [INFO] Saved: solutions\leetcode\keys-and-rooms.java
2026-04-13 18:40:51,604 [INFO] New submission: Surrounded Regions id=1952175782
2026-04-13 18:40:52,070 [INFO] Saved: solutions\leetcode\surrounded-regions.java
2026-04-13 18:40:52,203 [INFO] Staged: ['solutions\\leetcode\\minimum-size-subarray-sum.java', 'solutions\\leetcode\\possible-bipartition.java', 'solutions\\leetcode\\as-far-from-land-as-possible.java', 'solutions\\leetcode\\rotting-oranges.java', 'solutions\\leetcode\\trapping-rain-water.java', 'solutions\\leetcode\\3sum.java', 'solutions\\leetcode\\container-with-most-water.java', 'solutions\\leetcode\\two-sum.java', 'solutions\\leetcode\\keys-and-rooms.java', 'solutions\\leetcode\\surrounded-regions.java']
2026-04-13 18:40:52,374 [INFO] Committed: [2026-04-13] Added 10 solutions (leetcode)
2026-04-13 18:40:52,430 [ERROR] Git operation failed: Git error: error: src refspec main does not match any
error: failed to push some refs to 'origin'
